  MAIN       -> /Users/runner/work/_temp/shots/au-editor-main.png (1348 KB)
  LFO / ARP  -> /Users/runner/work/_temp/shots/au-editor-lfo-arp.png (1299 KB)
  SID REG    -> /Users/runner/work/_temp/shots/au-editor-sid-reg.png (595 KB)
  SEQ        -> /Users/runner/work/_temp/shots/au-editor-seq.png (1315 KB)
  DRSID      -> /Users/runner/work/_temp/shots/au-editor-drsid.png (1224 KB)
  FILTER     -> /Users/runner/work/_temp/shots/au-editor-filter.png (1254 KB)
  MACRO      -> /Users/runner/work/_temp/shots/au-editor-macro.png (1284 KB)
  FORENSIC   -> /Users/runner/work/_temp/shots/au-editor-forensic.png (1218 KB)
  SIDCORE    -> /Users/runner/work/_temp/shots/au-editor-sidcore.png (1486 KB)
  C64        -> /Users/runner/work/_temp/shots/au-editor-c64.png (1287 KB)
  HI-FI      -> /Users/runner/work/_temp/shots/au-editor-hi-fi.png (1132 KB)
  BANK       -> /Users/runner/work/_temp/shots/au-editor-bank.png (2147 KB)
  OPTIONS    -> /Users/runner/work/_temp/shots/au-editor-options.png (1361 KB)
  SETTINGS   -> /Users/runner/work/_temp/shots/au-editor-settings.png (1802 KB)
  MIX        -> /Users/runner/work/_temp/shots/au-editor-mix.png (712 KB)
  KIT        -> /Users/runner/work/_temp/shots/au-editor-kit.png (1716 KB)
  DIGI       -> /Users/runner/work/_temp/shots/au-editor-digi.png (1928 KB)
  flavor classic         -> /Users/runner/work/_temp/shots/au-flavor-classic.png (1354 KB)
  flavor instrument      -> /Users/runner/work/_temp/shots/au-flavor-instrument.png (1356 KB)
  flavor drum-machine    -> /Users/runner/work/_temp/shots/au-flavor-drum-machine.png (1319 KB)
  flavor sid-808         -> /Users/runner/work/_temp/shots/au-flavor-sid-808.png (1346 KB)
  flavor c64-sid-player  -> /Users/runner/work/_temp/shots/au-flavor-c64-sid-player.png (1215 KB)
arpsid_au_editor_snapshot PASS
exit 0
